// Vitest Snapshot v1, https://vitest.dev/guide/snapshot.html

exports[`Visualize Date Component "YYYY" format:  > Should return the right HTML according for Date Field  1`] = `
<div>
  <div
    class="response-format-datatype-date"
  >
    <div
      class="ctrl-select"
    >
      <label
        for="select-format"
      >
        Format
      </label>
      <div>
        <select
          id="select-format"
          name="format"
          placeholder="Format"
        >
          <option
            value=""
          >
            Date format
          </option>
          <option
            value="YYYY-MM-DD"
          >
            YYYY-MM-DD
          </option>
          <option
            value="YYYY-MM"
          >
            YYYY-MM
          </option>
          <option
            value="YYYY"
          >
            YYYY
          </option>
        </select>
      </div>
    </div>
    <div>
      <div
        class="ctrl-input "
      >
        <label
          for="input-minimum"
        >
          Minimum
          <span
            class="ctrl-required"
          >
            *
          </span>
        </label>
        <div>
          <input
            id="input-minimum"
            name="minimum"
            placeholder="Minimum"
            step="any"
            type="text"
            value=""
          />
        </div>
      </div>
      <div
        class="ctrl-input "
      >
        <label
          for="input-maximum"
        >
          Maximum
          <span
            class="ctrl-required"
          >
            *
          </span>
        </label>
        <div>
          <input
            id="input-maximum"
            name="maximum"
            placeholder="Maximum"
            step="any"
            type="text"
            value=""
          />
        </div>
      </div>
    </div>
  </div>
</div>
`;

exports[`Visualize Date Component "YYYY-MM" format:  > Should return the right HTML according for Date Field  1`] = `
<div>
  <div
    class="response-format-datatype-date"
  >
    <div
      class="ctrl-select"
    >
      <label
        for="select-format"
      >
        Format
      </label>
      <div>
        <select
          id="select-format"
          name="format"
          placeholder="Format"
        >
          <option
            value=""
          >
            Date format
          </option>
          <option
            value="YYYY-MM-DD"
          >
            YYYY-MM-DD
          </option>
          <option
            value="YYYY-MM"
          >
            YYYY-MM
          </option>
          <option
            value="YYYY"
          >
            YYYY
          </option>
        </select>
      </div>
    </div>
    <div>
      <div
        class="ctrl-input "
      >
        <label
          for="input-minimum"
        >
          Minimum
          <span
            class="ctrl-required"
          >
            *
          </span>
        </label>
        <div>
          <input
            id="input-minimum"
            name="minimum"
            placeholder="Minimum"
            step="any"
            type="text"
            value=""
          />
        </div>
      </div>
      <div
        class="ctrl-input "
      >
        <label
          for="input-maximum"
        >
          Maximum
          <span
            class="ctrl-required"
          >
            *
          </span>
        </label>
        <div>
          <input
            id="input-maximum"
            name="maximum"
            placeholder="Maximum"
            step="any"
            type="text"
            value=""
          />
        </div>
      </div>
    </div>
  </div>
</div>
`;

exports[`Visualize Date Component "YYYY-MM-DD" format:  > Should return the right HTML according for Date Field  1`] = `
<div>
  <div
    class="response-format-datatype-date"
  >
    <div
      class="ctrl-select"
    >
      <label
        for="select-format"
      >
        Format
      </label>
      <div>
        <select
          id="select-format"
          name="format"
          placeholder="Format"
        >
          <option
            value=""
          >
            Date format
          </option>
          <option
            value="YYYY-MM-DD"
          >
            YYYY-MM-DD
          </option>
          <option
            value="YYYY-MM"
          >
            YYYY-MM
          </option>
          <option
            value="YYYY"
          >
            YYYY
          </option>
        </select>
      </div>
    </div>
    <div>
      <div
        class="ctrl-input "
      >
        <label
          for="input-minimum"
        >
          Minimum
          <span
            class="ctrl-required"
          >
            *
          </span>
        </label>
        <div>
          <input
            id="input-minimum"
            name="minimum"
            placeholder="Minimum"
            step="any"
            type="text"
            value=""
          />
        </div>
      </div>
      <div
        class="ctrl-input "
      >
        <label
          for="input-maximum"
        >
          Maximum
          <span
            class="ctrl-required"
          >
            *
          </span>
        </label>
        <div>
          <input
            id="input-maximum"
            name="maximum"
            placeholder="Maximum"
            step="any"
            type="text"
            value=""
          />
        </div>
      </div>
    </div>
  </div>
</div>
`;
