// Jest Snapshot v1, https://goo.gl/fbAQLP

exports[`Checkbox Should have this default template 1`] = `
<div
  className="form-check-inline"
>
  <label
    className="form-check-label"
    htmlFor="input-checkbox"
  >
    <input
      id="input-checkbox"
      name="checkbox"
      onBlur={[Function]}
      onChange={[Function]}
      onDragStart={[Function]}
      onDrop={[Function]}
      onFocus={[Function]}
      type="checkbox"
      value=""
    />
    Label Name
  </label>
</div>
`;
